==> default: VM not created. Moving on...
Bringing machine 'default' up with 'vmware_desktop' provider...
==> default: Cloning VMware VM: 'bento/debian-12'. This can take some time...
==> default: Checking if box 'bento/debian-12' version '202510.26.0' is up to date...
==> default: Verifying vmnet devices are healthy...
==> default: Preparing network adapters...
==> default: Starting the VMware VM...
==> default: Waiting for the VM to receive an address...
==> default: Forwarding ports...
    default: -- 22 => 2240
    default: -- 30943 => 30943
    default: -- 30543 => 30543
    default: -- 30636 => 30636
==> default: Waiting for machine to boot. This may take a few minutes...
    default: SSH address: 127.0.0.1:2240
    default: SSH username: vagrant
    default: SSH auth method: private key
    default: 
    default: Vagrant insecure key detected. Vagrant will automatically replace
    default: this with a newly generated keypair for better security.
    default: 
    default: Inserting generated public key within guest...
    default: Removing insecure key from the guest if it's present...
    default: Key inserted! Disconnecting and reconnecting using new SSH key...
==> default: Machine booted and ready!
==> default: Setting hostname...
==> default: Configuring network adapters within the VM...
==> default: Waiting for HGFS to become available...
==> default: Enabling and configuring shared folders...
    default: -- C:/Users/LeandroValovits/.bob/playground/Ashfeld/thorngate: /vagrant
==> default: Running provisioner: shell...
    default: Running: inline script
    default: ==> [1/6] Installing base packages and dependencies...
    default: (Reading database ... 
(Reading database ... 5%
(Reading database ... 10%
(Reading database ... 15%
(Reading database ... 20%
(Reading database ... 25%
(Reading database ... 30%
(Reading database ... 35%
(Reading database ... 40%
(Reading database ... 45%
(Reading database ... 50%
(Reading database ... 55%
(Reading database ... 60%
(Reading database ... 65%
(Reading database ... 70%
(Reading database ... 75%
(Reading database ... 80%
(Reading database ... 85%
(Reading database ... 90%
(Reading database ... 95%
(Reading database ... 100%
(Reading database ... 57067 files and directories currently installed.)
    default: Preparing to unpack .../0-curl_7.88.1-10+deb12u15_amd64.deb ...
    default: Unpacking curl (7.88.1-10+deb12u15) over (7.88.1-10+deb12u14) ...
    default: Preparing to unpack .../1-libcurl4_7.88.1-10+deb12u15_amd64.deb ...
    default: Unpacking libcurl4:amd64 (7.88.1-10+deb12u15) over (7.88.1-10+deb12u14) ...
    default: Preparing to unpack .../2-libcurl3-gnutls_7.88.1-10+deb12u15_amd64.deb ...
    default: Unpacking libcurl3-gnutls:amd64 (7.88.1-10+deb12u15) over (7.88.1-10+deb12u14) ...
    default: Selecting previously unselected package liberror-perl.
    default: Preparing to unpack .../3-liberror-perl_0.17029-2_all.deb ...
    default: Unpacking liberror-perl (0.17029-2) ...
    default: Selecting previously unselected package git-man.
    default: Preparing to unpack .../4-git-man_1%3a2.39.5-0+deb12u3_all.deb ...
    default: Unpacking git-man (1:2.39.5-0+deb12u3) ...
    default: Selecting previously unselected package git.
    default: Preparing to unpack .../5-git_1%3a2.39.5-0+deb12u3_amd64.deb ...
    default: Unpacking git (1:2.39.5-0+deb12u3) ...
    default: Selecting previously unselected package libonig5:amd64.
    default: Preparing to unpack .../6-libonig5_6.9.8-1_amd64.deb ...
    default: Unpacking libonig5:amd64 (6.9.8-1) ...
    default: Selecting previously unselected package libjq1:amd64.
    default: Preparing to unpack .../7-libjq1_1.6-2.1+deb12u2_amd64.deb ...
    default: Unpacking libjq1:amd64 (1.6-2.1+deb12u2) ...
    default: Selecting previously unselected package jq.
    default: Preparing to unpack .../8-jq_1.6-2.1+deb12u2_amd64.deb ...
    default: Unpacking jq (1.6-2.1+deb12u2) ...
    default: Selecting previously unselected package unzip.
    default: Preparing to unpack .../9-unzip_6.0-28+deb12u1_amd64.deb ...
    default: Unpacking unzip (6.0-28+deb12u1) ...
    default: Setting up unzip (6.0-28+deb12u1) ...
    default: Setting up libcurl3-gnutls:amd64 (7.88.1-10+deb12u15) ...
    default: Setting up liberror-perl (0.17029-2) ...
    default: Setting up libcurl4:amd64 (7.88.1-10+deb12u15) ...
    default: Setting up git-man (1:2.39.5-0+deb12u3) ...
    default: Setting up curl (7.88.1-10+deb12u15) ...
    default: Setting up libonig5:amd64 (6.9.8-1) ...
    default: Setting up libjq1:amd64 (1.6-2.1+deb12u2) ...
    default: Setting up git (1:2.39.5-0+deb12u3) ...
    default: Setting up jq (1.6-2.1+deb12u2) ...
    default: Processing triggers for libc-bin (2.36-9+deb12u13) ...
    default: Processing triggers for man-db (2.11.2-2) ...
    default: Processing triggers for mailcap (3.70+nmu1) ...
    default: ==> [2/6] Installing k3s...
    default: [INFO]  Using v1.36.4+k3s1 as release
    default: [INFO]  Downloading hash https://github.com/k3s-io/k3s/releases/download/v1.36.4%2Bk3s1/sha256sum-amd64.txt
    default: [INFO]  Downloading binary https://github.com/k3s-io/k3s/releases/download/v1.36.4%2Bk3s1/k3s
    default: [INFO]  Verifying binary download
    default: [INFO]  Installing k3s to /usr/local/bin/k3s
    default: [INFO]  Skipping installation of SELinux RPM
    default: [INFO]  Creating /usr/local/bin/kubectl symlink to k3s
    default: [INFO]  Creating /usr/local/bin/crictl symlink to k3s
    default: [INFO]  Creating /usr/local/bin/ctr symlink to k3s
    default: [INFO]  Creating killall script /usr/local/bin/k3s-killall.sh
    default: [INFO]  Creating uninstall script /usr/local/bin/k3s-uninstall.sh
    default: [INFO]  env: Creating environment file /etc/systemd/system/k3s.service.env
    default: [INFO]  systemd: Creating service file /etc/systemd/system/k3s.service
    default: [INFO]  systemd: Enabling k3s unit
    default: Created symlink /etc/systemd/system/multi-user.target.wants/k3s.service ΓåÆ /etc/systemd/system/k3s.service.
    default: [INFO]  Host iptables-save/iptables-restore tools not found
    default: [INFO]  Host ip6tables-save/ip6tables-restore tools not found
    default: [INFO]  systemd: Starting k3s
    default: Waiting for k3s node to be Ready...
    default: ==> [3/6] Installing Helm...
    default: Downloading https://get.helm.sh/helm-v3.21.4-linux-amd64.tar.gz
    default: Verifying checksum... Done.
    default: Preparing to install helm into /usr/local/bin
    default: helm installed into /usr/local/bin/helm
    default: ==> [4/6] Setting up IVIG starter kit and license keys...
    default: sed: -e expression #1, char 148: unterminated `s' command
The SSH command responded with a non-zero exit status. Vagrant
assumes that this means the command failed. The output for this command
should be in the log above. Please read the output to determine what
went wrong.
==> default: Stopping the VMware VM...
==> default: Deleting the VM...
Usage: vagrant [options] <command> [<args>]

    -h, --help                       Print this help.

Common commands:
     autocomplete    manages autocomplete installation on host
     box             manages boxes: installation, removal, etc.
     cloud           manages everything related to Vagrant Cloud
     destroy         stops and deletes all traces of the vagrant machine
     global-status   outputs status Vagrant environments for this user
     halt            stops the vagrant machine
     help            shows the help for a subcommand
     init            initializes a new Vagrant environment by creating a Vagrantfile
     login           
     package         packages a running vagrant environment into a box
     plugin          manages plugins: install, uninstall, update, etc.
     port            displays information about guest port mappings
     powershell      connects to machine via powershell remoting
     provision       provisions the vagrant machine
     push            deploys code in this environment to a configured destination
     rdp             connects to machine via RDP
     reload          restarts vagrant machine, loads new Vagrantfile configuration
     resume          resume a suspended vagrant machine
     snapshot        manages snapshots: saving, restoring, etc.
     ssh             connects to machine via SSH
     ssh-config      outputs OpenSSH valid configuration to connect to the machine
     status          outputs status of the vagrant machine
     suspend         suspends the machine
     up              starts and provisions the vagrant environment
     upload          upload to machine via communicator
     validate        validates the Vagrantfile
     version         prints current and latest Vagrant version
     winrm           executes commands on a machine via WinRM
     winrm-config    outputs WinRM configuration to connect to the machine

For help on any individual command run `vagrant COMMAND -h`

Additional subcommands are available, but are either more advanced
or not commonly used. To see all subcommands, run the command
`vagrant list-commands`.
        --[no-]color                 Enable or disable color output
        --machine-readable           Enable machine readable output
    -v, --version                    Display Vagrant version
        --debug                      Enable debug output
        --timestamp                  Enable timestamps on log output
        --debug-timestamp            Enable debug output with timestamps
        --no-tty                     Enable non-interactive output
Usage: vagrant [options] <command> [<args>]

    -h, --help                       Print this help.

Common commands:
     autocomplete    manages autocomplete installation on host
     box             manages boxes: installation, removal, etc.
     cloud           manages everything related to Vagrant Cloud
     destroy         stops and deletes all traces of the vagrant machine
     global-status   outputs status Vagrant environments for this user
     halt            stops the vagrant machine
     help            shows the help for a subcommand
     init            initializes a new Vagrant environment by creating a Vagrantfile
     login           
     package         packages a running vagrant environment into a box
     plugin          manages plugins: install, uninstall, update, etc.
     port            displays information about guest port mappings
     powershell      connects to machine via powershell remoting
     provision       provisions the vagrant machine
     push            deploys code in this environment to a configured destination
     rdp             connects to machine via RDP
     reload          restarts vagrant machine, loads new Vagrantfile configuration
     resume          resume a suspended vagrant machine
     snapshot        manages snapshots: saving, restoring, etc.
     ssh             connects to machine via SSH
     ssh-config      outputs OpenSSH valid configuration to connect to the machine
     status          outputs status of the vagrant machine
     suspend         suspends the machine
     up              starts and provisions the vagrant environment
     upload          upload to machine via communicator
     validate        validates the Vagrantfile
     version         prints current and latest Vagrant version
     winrm           executes commands on a machine via WinRM
     winrm-config    outputs WinRM configuration to connect to the machine

For help on any individual command run `vagrant COMMAND -h`

Additional subcommands are available, but are either more advanced
or not commonly used. To see all subcommands, run the command
`vagrant list-commands`.
        --[no-]color                 Enable or disable color output
        --machine-readable           Enable machine readable output
    -v, --version                    Display Vagrant version
        --debug                      Enable debug output
        --timestamp                  Enable timestamps on log output
        --debug-timestamp            Enable debug output with timestamps
        --no-tty                     Enable non-interactive output
Usage: vagrant [options] <command> [<args>]

    -h, --help                       Print this help.

Common commands:
     autocomplete    manages autocomplete installation on host
     box             manages boxes: installation, removal, etc.
     cloud           manages everything related to Vagrant Cloud
     destroy         stops and deletes all traces of the vagrant machine
     global-status   outputs status Vagrant environments for this user
     halt            stops the vagrant machine
     help            shows the help for a subcommand
     init            initializes a new Vagrant environment by creating a Vagrantfile
     login           
     package         packages a running vagrant environment into a box
     plugin          manages plugins: install, uninstall, update, etc.
     port            displays information about guest port mappings
     powershell      connects to machine via powershell remoting
     provision       provisions the vagrant machine
     push            deploys code in this environment to a configured destination
     rdp             connects to machine via RDP
     reload          restarts vagrant machine, loads new Vagrantfile configuration
     resume          resume a suspended vagrant machine
     snapshot        manages snapshots: saving, restoring, etc.
     ssh             connects to machine via SSH
     ssh-config      outputs OpenSSH valid configuration to connect to the machine
     status          outputs status of the vagrant machine
     suspend         suspends the machine
     up              starts and provisions the vagrant environment
     upload          upload to machine via communicator
     validate        validates the Vagrantfile
     version         prints current and latest Vagrant version
     winrm           executes commands on a machine via WinRM
     winrm-config    outputs WinRM configuration to connect to the machine

For help on any individual command run `vagrant COMMAND -h`

Additional subcommands are available, but are either more advanced
or not commonly used. To see all subcommands, run the command
`vagrant list-commands`.
        --[no-]color                 Enable or disable color output
        --machine-readable           Enable machine readable output
    -v, --version                    Display Vagrant version
        --debug                      Enable debug output
        --timestamp                  Enable timestamps on log output
        --debug-timestamp            Enable debug output with timestamps
        --no-tty                     Enable non-interactive output
==> default: VM not created. Moving on...
Bringing machine 'default' up with 'vmware_desktop' provider...
==> default: Cloning VMware VM: 'bento/debian-12'. This can take some time...
==> default: Checking if box 'bento/debian-12' version '202510.26.0' is up to date...
==> default: Verifying vmnet devices are healthy...
==> default: Preparing network adapters...
==> default: Starting the VMware VM...
==> default: Waiting for the VM to receive an address...
==> default: Forwarding ports...
    default: -- 22 => 2240
    default: -- 30943 => 30943
    default: -- 30543 => 30543
    default: -- 30636 => 30636
==> default: Waiting for machine to boot. This may take a few minutes...
    default: SSH address: 127.0.0.1:2240
    default: SSH username: vagrant
    default: SSH auth method: private key
    default: 
    default: Vagrant insecure key detected. Vagrant will automatically replace
    default: this with a newly generated keypair for better security.
    default: 
    default: Inserting generated public key within guest...
    default: Removing insecure key from the guest if it's present...
    default: Key inserted! Disconnecting and reconnecting using new SSH key...
==> default: Machine booted and ready!
==> default: Setting hostname...
==> default: Configuring network adapters within the VM...
==> default: Waiting for HGFS to become available...
==> default: Enabling and configuring shared folders...
    default: -- C:/Users/LeandroValovits/.bob/playground/Ashfeld/thorngate: /vagrant
==> default: Running provisioner: shell...
    default: Running: inline script
    default: ==> [1/6] Installing base packages and dependencies...
    default: (Reading database ... 
(Reading database ... 5%
(Reading database ... 10%
(Reading database ... 15%
(Reading database ... 20%
(Reading database ... 25%
(Reading database ... 30%
(Reading database ... 35%
(Reading database ... 40%
(Reading database ... 45%
(Reading database ... 50%
(Reading database ... 55%
(Reading database ... 60%
(Reading database ... 65%
(Reading database ... 70%
(Reading database ... 75%
(Reading database ... 80%
(Reading database ... 85%
(Reading database ... 90%
(Reading database ... 95%
(Reading database ... 100%
(Reading database ... 57067 files and directories currently installed.)
    default: Preparing to unpack .../0-curl_7.88.1-10+deb12u15_amd64.deb ...
    default: Unpacking curl (7.88.1-10+deb12u15) over (7.88.1-10+deb12u14) ...
    default: Preparing to unpack .../1-libcurl4_7.88.1-10+deb12u15_amd64.deb ...
    default: Unpacking libcurl4:amd64 (7.88.1-10+deb12u15) over (7.88.1-10+deb12u14) ...
    default: Preparing to unpack .../2-libcurl3-gnutls_7.88.1-10+deb12u15_amd64.deb ...
    default: Unpacking libcurl3-gnutls:amd64 (7.88.1-10+deb12u15) over (7.88.1-10+deb12u14) ...
    default: Selecting previously unselected package liberror-perl.
    default: Preparing to unpack .../3-liberror-perl_0.17029-2_all.deb ...
    default: Unpacking liberror-perl (0.17029-2) ...
    default: Selecting previously unselected package git-man.
    default: Preparing to unpack .../4-git-man_1%3a2.39.5-0+deb12u3_all.deb ...
    default: Unpacking git-man (1:2.39.5-0+deb12u3) ...
    default: Selecting previously unselected package git.
    default: Preparing to unpack .../5-git_1%3a2.39.5-0+deb12u3_amd64.deb ...
    default: Unpacking git (1:2.39.5-0+deb12u3) ...
    default: Selecting previously unselected package libonig5:amd64.
    default: Preparing to unpack .../6-libonig5_6.9.8-1_amd64.deb ...
    default: Unpacking libonig5:amd64 (6.9.8-1) ...
    default: Selecting previously unselected package libjq1:amd64.
    default: Preparing to unpack .../7-libjq1_1.6-2.1+deb12u2_amd64.deb ...
    default: Unpacking libjq1:amd64 (1.6-2.1+deb12u2) ...
    default: Selecting previously unselected package jq.
    default: Preparing to unpack .../8-jq_1.6-2.1+deb12u2_amd64.deb ...
    default: Unpacking jq (1.6-2.1+deb12u2) ...
    default: Selecting previously unselected package unzip.
    default: Preparing to unpack .../9-unzip_6.0-28+deb12u1_amd64.deb ...
    default: Unpacking unzip (6.0-28+deb12u1) ...
    default: Setting up unzip (6.0-28+deb12u1) ...
    default: Setting up libcurl3-gnutls:amd64 (7.88.1-10+deb12u15) ...
    default: Setting up liberror-perl (0.17029-2) ...
    default: Setting up libcurl4:amd64 (7.88.1-10+deb12u15) ...
    default: Setting up git-man (1:2.39.5-0+deb12u3) ...
    default: Setting up curl (7.88.1-10+deb12u15) ...
    default: Setting up libonig5:amd64 (6.9.8-1) ...
    default: Setting up libjq1:amd64 (1.6-2.1+deb12u2) ...
    default: Setting up git (1:2.39.5-0+deb12u3) ...
    default: Setting up jq (1.6-2.1+deb12u2) ...
    default: Processing triggers for libc-bin (2.36-9+deb12u13) ...
    default: Processing triggers for man-db (2.11.2-2) ...
    default: Processing triggers for mailcap (3.70+nmu1) ...
    default: ==> [2/6] Installing k3s...
    default: [INFO]  Using v1.36.4+k3s1 as release
    default: [INFO]  Downloading hash https://github.com/k3s-io/k3s/releases/download/v1.36.4%2Bk3s1/sha256sum-amd64.txt
    default: [INFO]  Downloading binary https://github.com/k3s-io/k3s/releases/download/v1.36.4%2Bk3s1/k3s
    default: [INFO]  Verifying binary download
    default: [INFO]  Installing k3s to /usr/local/bin/k3s
    default: [INFO]  Skipping installation of SELinux RPM
    default: [INFO]  Creating /usr/local/bin/kubectl symlink to k3s
    default: [INFO]  Creating /usr/local/bin/crictl symlink to k3s
    default: [INFO]  Creating /usr/local/bin/ctr symlink to k3s
    default: [INFO]  Creating killall script /usr/local/bin/k3s-killall.sh
    default: [INFO]  Creating uninstall script /usr/local/bin/k3s-uninstall.sh
    default: [INFO]  env: Creating environment file /etc/systemd/system/k3s.service.env
    default: [INFO]  systemd: Creating service file /etc/systemd/system/k3s.service
    default: [INFO]  systemd: Enabling k3s unit
    default: Created symlink /etc/systemd/system/multi-user.target.wants/k3s.service ΓåÆ /etc/systemd/system/k3s.service.
    default: [INFO]  Host iptables-save/iptables-restore tools not found
    default: [INFO]  Host ip6tables-save/ip6tables-restore tools not found
    default: [INFO]  systemd: Starting k3s
    default: Waiting for k3s node to be Ready...
    default: ==> [3/6] Installing Helm...
    default: Downloading https://get.helm.sh/helm-v3.21.4-linux-amd64.tar.gz
    default: Verifying checksum... Done.
    default: Preparing to install helm into /usr/local/bin
    default: helm installed into /usr/local/bin/helm
    default: ==> [4/6] Setting up IVIG starter kit and license keys...
    default: awk: 1: unexpected character '.'
    default: awk: line 2: syntax error at or near for
    default: awk: 4: unexpected character '.'
    default: ==> [5/6] Configuring config.yaml...
    default: ==> [6/6] Executing IVIG installer...
    default: Installing IVIG...
    default: Configuring for timezone UTC
    default: 
    default: ##### Deploying configuration pod #####
    default: namespace/ivig created
    default: Generating Configs
    default: configmap/isvgimconfig created
    default: configmap/isvgimconfig unchanged
    default: deployment.apps/isvgimconfig created
    default: Waiting for application to start...Done!
    default: 
    default: ##### Installing Verify Directory LDAP Server #####
    default: secret/isvdcred created
    default: Generating Configs
    default: configmap/isvgimldap created
    default: 
    default:   -- Deploying LDAP server --
    default: serviceaccount/isvd created
    default: role.rbac.authorization.k8s.io/isvd-role created
    default: rolebinding.rbac.authorization.k8s.io/isvd-role-bind created
    default: configmap/isvgimldap unchanged
    default: persistentvolumeclaim/replica-1-pvc created
    default: service/isvd-replica-1 created
    default: deployment.apps/isvd-replica-1 created
    default: Waiting for pod isvd-replica-1-58b8478df7-4zc2d to start......Done!
    default: Waiting for application to start.........Done!
    default: 
    default: ##### Installing Postgresql Database Server #####
    default: Generating Configs
    default: configmap/isvgimdb created
    default: secret/pgcreds created
    default: 
    default:   -- Deploying Postgres --
    default: configmap/isvgimdb unchanged
    default: persistentvolumeclaim/postgres-pvc created
    default: service/postgres created
    default: deployment.apps/postgres created
    default: Waiting for pod postgres-795fc9878b-6ghqh to start.....Done!
    default: Waiting for application to start...Done!
    default: 
    default: ##### Generating Keystore #####
    default: [2026-09-08 12:41:05] Creating AES keystore as /opt/ibm/wlp/usr/servers/defaultServer/config/data/keystore/itimKeystore.jceks
    default: [2026-09-08 12:41:06] Creating /opt/ibm/wlp/usr/servers/defaultServer/config/data/encryptionKey.properties
    default: [2026-09-08 12:41:06] Finished setting up ciphers
    default: Generating Configs
    default: configmap/isvgimks created
    default: 
    default: ##### Updating Configuration Settings #####
    default: Generating Configs
    default: configmap/isvgimconfig configured
    default: Generating Configs
    default: configmap/isvgimdata created
    default: deployment.apps "isvgimconfig" deleted from ivig namespace
    default: deployment.apps/isvgimconfig created
    default: Waiting for application to start...Done!
    default: 
    default: ##### Configuring LDAP #####
    default: Loading schema........Done!
    default: Generating Configs
    default: configmap/isvgimdata configured
    default: 
    default: ##### Configuring DB #####
    default: Loading schema...Done!
    default: Generating Configs
    default: configmap/isvgimdata configured
    default: 
    default: ##### Deploying ISVDI Adapter Dispatcher #####
    default: Generating Configs
    default: configmap/isvgimsdi created
    default: configmap/isvgimsdi unchanged
    default: persistentvolumeclaim/isvdi-pvc created
    default: service/isvdi created
    default: deployment.apps/isvdi created
    default: Waiting for pod isvdi-9c96ccb66-6krtr to start.........Done!
    default: Waiting for application to start...Done!
    default: 
    default: ##### Deploying application #####
    default: Generating Configs
    default: configmap/isvgimconfig configured
    default: Generating Configs
    default: configmap/tlsmqcfg created
    default: configmap/mqcfg created
    default: deployment.apps "isvgimconfig" deleted from ivig namespace
    default: Generating Configs
    default: configmap/isvgimdata configured
    default: ibm-common-services not found.  Assuming IBM License Server is not installed yet.
    default: Generating Configs
    default: Evaluating templates.................................................Done!
    default: serviceaccount/hazelcast-sa created
    default: role.rbac.authorization.k8s.io/hazelcast-role created
    default: rolebinding.rbac.authorization.k8s.io/hazelcast-role-binding created
    default: configmap/isvgimconfig unchanged
    default: configmap/mqcfg unchanged
    default: secret/mqcreds created
    default: secret/oidccreds created
    default: persistentvolumeclaim/mqshare-pvc created
    default: service/isvgim created
    default: service/mq-headless created
    default: service/hazelcast-headless created
    default: service/mqshare created
    default: deployment.apps/mqshare created
    default: poddisruptionbudget.policy/isvgim created
    default: statefulset.apps/isvgim created
    default: Waiting for pod isvgim-0 to start........Done!
    default: Waiting for application to start....................Done!
    default: Generating Configs
    default: configmap/isvgimconfig configured
    default: statefulset.apps/isvgim restarted
    default: Waiting for application to start..................Done!
    default: 
    default: Installation complete!
    default: You can now login at https://192.168.21.208:30943/itim/console
    default: Waiting for IVIG workloads to become ready...
    default: deployment "isvd-replica-1" successfully rolled out
    default: deployment "isvdi" successfully rolled out
    default: deployment "mqshare" successfully rolled out
    default: deployment "postgres" successfully rolled out
    default: partitioned roll out complete: 1 new pods have been updated...
    default: ==> Configuration complete.
==> default: Running provisioner: shell...
    default: Running: inline script
    default: 
    default: ======================================================
    default:   Thorngate (IVIG) ΓÇö Ready
    default: ======================================================
    default:   IVIG Console:  https://localhost:30943/itim/console/main
    default:   Username:      itim manager
    default:   Password:      secret
    default: ======================================================
    default: 
==> default: Stopping the VMware VM...
==> default: Deleting the VM...
==> default: VM not created. Moving on...
Bringing machine 'default' up with 'vmware_desktop' provider...
==> default: Cloning VMware VM: 'bento/debian-12'. This can take some time...
==> default: Checking if box 'bento/debian-12' version '202510.26.0' is up to date...
==> default: Verifying vmnet devices are healthy...
==> default: Preparing network adapters...
==> default: Starting the VMware VM...
==> default: Waiting for the VM to receive an address...
==> default: Forwarding ports...
    default: -- 22 => 2240
    default: -- 30943 => 30943
    default: -- 30543 => 30543
    default: -- 30636 => 30636
==> default: Waiting for machine to boot. This may take a few minutes...
    default: SSH address: 127.0.0.1:2240
    default: SSH username: vagrant
    default: SSH auth method: private key
    default: 
    default: Vagrant insecure key detected. Vagrant will automatically replace
    default: this with a newly generated keypair for better security.
    default: 
    default: Inserting generated public key within guest...
    default: Removing insecure key from the guest if it's present...
    default: Key inserted! Disconnecting and reconnecting using new SSH key...
==> default: Machine booted and ready!
==> default: Setting hostname...
==> default: Configuring network adapters within the VM...
==> default: Waiting for HGFS to become available...
==> default: Enabling and configuring shared folders...
    default: -- C:/Users/LeandroValovits/.bob/playground/Ashfeld/thorngate: /vagrant
==> default: Running provisioner: shell...
    default: Running: inline script
    default: ==> [1/6] Installing base packages and dependencies...
    default: (Reading database ... 
(Reading database ... 5%
(Reading database ... 10%
(Reading database ... 15%
(Reading database ... 20%
(Reading database ... 25%
(Reading database ... 30%
(Reading database ... 35%
(Reading database ... 40%
(Reading database ... 45%
(Reading database ... 50%
(Reading database ... 55%
(Reading database ... 60%
(Reading database ... 65%
(Reading database ... 70%
(Reading database ... 75%
(Reading database ... 80%
(Reading database ... 85%
(Reading database ... 90%
(Reading database ... 95%
(Reading database ... 100%
(Reading database ... 57067 files and directories currently installed.)
    default: Preparing to unpack .../0-curl_7.88.1-10+deb12u15_amd64.deb ...
    default: Unpacking curl (7.88.1-10+deb12u15) over (7.88.1-10+deb12u14) ...
    default: Preparing to unpack .../1-libcurl4_7.88.1-10+deb12u15_amd64.deb ...
    default: Unpacking libcurl4:amd64 (7.88.1-10+deb12u15) over (7.88.1-10+deb12u14) ...
    default: Preparing to unpack .../2-libcurl3-gnutls_7.88.1-10+deb12u15_amd64.deb ...
    default: Unpacking libcurl3-gnutls:amd64 (7.88.1-10+deb12u15) over (7.88.1-10+deb12u14) ...
    default: Selecting previously unselected package liberror-perl.
    default: Preparing to unpack .../3-liberror-perl_0.17029-2_all.deb ...
    default: Unpacking liberror-perl (0.17029-2) ...
    default: Selecting previously unselected package git-man.
    default: Preparing to unpack .../4-git-man_1%3a2.39.5-0+deb12u3_all.deb ...
    default: Unpacking git-man (1:2.39.5-0+deb12u3) ...
    default: Selecting previously unselected package git.
    default: Preparing to unpack .../5-git_1%3a2.39.5-0+deb12u3_amd64.deb ...
    default: Unpacking git (1:2.39.5-0+deb12u3) ...
    default: Selecting previously unselected package libonig5:amd64.
    default: Preparing to unpack .../6-libonig5_6.9.8-1_amd64.deb ...
    default: Unpacking libonig5:amd64 (6.9.8-1) ...
    default: Selecting previously unselected package libjq1:amd64.
    default: Preparing to unpack .../7-libjq1_1.6-2.1+deb12u2_amd64.deb ...
    default: Unpacking libjq1:amd64 (1.6-2.1+deb12u2) ...
    default: Selecting previously unselected package jq.
    default: Preparing to unpack .../8-jq_1.6-2.1+deb12u2_amd64.deb ...
    default: Unpacking jq (1.6-2.1+deb12u2) ...
    default: Selecting previously unselected package unzip.
    default: Preparing to unpack .../9-unzip_6.0-28+deb12u1_amd64.deb ...
    default: Unpacking unzip (6.0-28+deb12u1) ...
    default: Setting up unzip (6.0-28+deb12u1) ...
    default: Setting up libcurl3-gnutls:amd64 (7.88.1-10+deb12u15) ...
    default: Setting up liberror-perl (0.17029-2) ...
    default: Setting up libcurl4:amd64 (7.88.1-10+deb12u15) ...
    default: Setting up git-man (1:2.39.5-0+deb12u3) ...
    default: Setting up curl (7.88.1-10+deb12u15) ...
    default: Setting up libonig5:amd64 (6.9.8-1) ...
    default: Setting up libjq1:amd64 (1.6-2.1+deb12u2) ...
    default: Setting up git (1:2.39.5-0+deb12u3) ...
    default: Setting up jq (1.6-2.1+deb12u2) ...
    default: Processing triggers for libc-bin (2.36-9+deb12u13) ...
    default: Processing triggers for man-db (2.11.2-2) ...
    default: Processing triggers for mailcap (3.70+nmu1) ...
    default: ==> [2/6] Installing k3s...
    default: [INFO]  Using v1.36.4+k3s1 as release
    default: [INFO]  Downloading hash https://github.com/k3s-io/k3s/releases/download/v1.36.4%2Bk3s1/sha256sum-amd64.txt
    default: [INFO]  Downloading binary https://github.com/k3s-io/k3s/releases/download/v1.36.4%2Bk3s1/k3s
    default: [INFO]  Verifying binary download
    default: [INFO]  Installing k3s to /usr/local/bin/k3s
    default: [INFO]  Skipping installation of SELinux RPM
    default: [INFO]  Creating /usr/local/bin/kubectl symlink to k3s
    default: [INFO]  Creating /usr/local/bin/crictl symlink to k3s
    default: [INFO]  Creating /usr/local/bin/ctr symlink to k3s
    default: [INFO]  Creating killall script /usr/local/bin/k3s-killall.sh
    default: [INFO]  Creating uninstall script /usr/local/bin/k3s-uninstall.sh
    default: [INFO]  env: Creating environment file /etc/systemd/system/k3s.service.env
    default: [INFO]  systemd: Creating service file /etc/systemd/system/k3s.service
    default: [INFO]  systemd: Enabling k3s unit
    default: Created symlink /etc/systemd/system/multi-user.target.wants/k3s.service ΓåÆ /etc/systemd/system/k3s.service.
    default: [INFO]  Host iptables-save/iptables-restore tools not found
    default: [INFO]  Host ip6tables-save/ip6tables-restore tools not found
    default: [INFO]  systemd: Starting k3s
    default: Waiting for k3s node to be Ready...
    default: ==> [3/6] Installing Helm...
    default: Downloading https://get.helm.sh/helm-v3.21.4-linux-amd64.tar.gz
    default: Verifying checksum... Done.
    default: Preparing to install helm into /usr/local/bin
    default: helm installed into /usr/local/bin/helm
    default: ==> [4/6] Setting up IVIG starter kit and license keys...
    default: awk: 1: unexpected character '.'
    default: awk: line 2: syntax error at or near for
    default: awk: 4: unexpected character '.'
    default: ==> [5/6] Configuring config.yaml...
    default: ==> [6/6] Executing IVIG installer...
    default: Installing IVIG...
    default: Configuring for timezone UTC
    default: 
    default: ##### Deploying configuration pod #####
    default: namespace/ivig created
    default: Generating Configs
    default: configmap/isvgimconfig created
    default: configmap/isvgimconfig unchanged
    default: deployment.apps/isvgimconfig created
    default: Waiting for application to start...Done!
    default: 
    default: ##### Installing Verify Directory LDAP Server #####
    default: secret/isvdcred created
    default: Generating Configs
    default: configmap/isvgimldap created
    default: 
    default:   -- Deploying LDAP server --
    default: serviceaccount/isvd created
    default: role.rbac.authorization.k8s.io/isvd-role created
    default: rolebinding.rbac.authorization.k8s.io/isvd-role-bind created
    default: configmap/isvgimldap unchanged
    default: persistentvolumeclaim/replica-1-pvc created
    default: service/isvd-replica-1 created
    default: deployment.apps/isvd-replica-1 created
    default: Waiting for pod isvd-replica-1-58b8478df7-qwdqk to start......Done!
    default: Waiting for application to start.........Done!
    default: 
    default: ##### Installing Postgresql Database Server #####
    default: Generating Configs
    default: configmap/isvgimdb created
    default: secret/pgcreds created
    default: 
    default:   -- Deploying Postgres --
    default: configmap/isvgimdb unchanged
    default: persistentvolumeclaim/postgres-pvc created
    default: service/postgres created
    default: deployment.apps/postgres created
    default: Waiting for pod postgres-795fc9878b-rt5qc to start.....Done!
    default: Waiting for application to start...Done!
    default: 
    default: ##### Generating Keystore #####
    default: [2026-09-08 15:53:59] Creating AES keystore as /opt/ibm/wlp/usr/servers/defaultServer/config/data/keystore/itimKeystore.jceks
    default: [2026-09-08 15:54:00] Creating /opt/ibm/wlp/usr/servers/defaultServer/config/data/encryptionKey.properties
    default: [2026-09-08 15:54:00] Finished setting up ciphers
    default: Generating Configs
    default: configmap/isvgimks created
    default: 
    default: ##### Updating Configuration Settings #####
    default: Generating Configs
    default: configmap/isvgimconfig configured
    default: Generating Configs
    default: configmap/isvgimdata created
    default: deployment.apps "isvgimconfig" deleted from ivig namespace
    default: deployment.apps/isvgimconfig created
    default: Waiting for application to start...Done!
    default: 
    default: ##### Configuring LDAP #####
    default: Loading schema.......Done!
    default: Generating Configs
    default: configmap/isvgimdata configured
    default: 
    default: ##### Configuring DB #####
    default: Loading schema...Done!
    default: Generating Configs
    default: configmap/isvgimdata configured
    default: 
    default: ##### Deploying ISVDI Adapter Dispatcher #####
    default: Generating Configs
    default: configmap/isvgimsdi created
    default: configmap/isvgimsdi unchanged
    default: persistentvolumeclaim/isvdi-pvc created
    default: service/isvdi created
    default: deployment.apps/isvdi created
    default: Waiting for pod isvdi-9c96ccb66-zzsct to start........Done!
    default: Waiting for application to start...Done!
    default: 
    default: ##### Deploying application #####
    default: Generating Configs
    default: configmap/isvgimconfig configured
    default: Generating Configs
    default: configmap/tlsmqcfg created
    default: configmap/mqcfg created
    default: deployment.apps "isvgimconfig" deleted from ivig namespace
    default: Generating Configs
    default: configmap/isvgimdata configured
    default: ibm-common-services not found.  Assuming IBM License Server is not installed yet.
    default: Generating Configs
    default: Evaluating templates.................................................Done!
    default: serviceaccount/hazelcast-sa created
    default: role.rbac.authorization.k8s.io/hazelcast-role created
    default: rolebinding.rbac.authorization.k8s.io/hazelcast-role-binding created
    default: configmap/isvgimconfig unchanged
    default: configmap/mqcfg unchanged
    default: secret/mqcreds created
    default: secret/oidccreds created
    default: persistentvolumeclaim/mqshare-pvc created
    default: service/isvgim created
    default: service/mq-headless created
    default: service/hazelcast-headless created
    default: service/mqshare created
    default: deployment.apps/mqshare created
    default: poddisruptionbudget.policy/isvgim created
    default: statefulset.apps/isvgim created
    default: Waiting for pod isvgim-0 to start.......Done!
    default: Waiting for application to start.....................Done!
    default: Generating Configs
    default: configmap/isvgimconfig configured
    default: statefulset.apps/isvgim restarted
    default: Waiting for application to start..................Done!
    default: 
    default: Installation complete!
    default: You can now login at https://192.168.21.212:30943/itim/console
    default: Waiting for IVIG workloads to become ready...
    default: deployment "isvd-replica-1" successfully rolled out
    default: deployment "isvdi" successfully rolled out
    default: deployment "mqshare" successfully rolled out
    default: deployment "postgres" successfully rolled out
    default: partitioned roll out complete: 1 new pods have been updated...
    default: ==> Configuration complete.
==> default: Running provisioner: shell...
    default: Running: inline script
    default: 
    default: ======================================================
    default:   Thorngate (IVIG) ΓÇö Ready
    default: ======================================================
    default:   IVIG Console:  https://localhost:30943/itim/console/main
    default:   Username:      itim manager
    default:   Password:      secret
    default: ======================================================
    default: 
==> default: Stopping the VMware VM...
==> default: Deleting the VM...
==> default: VM not created. Moving on...
Bringing machine 'default' up with 'vmware_desktop' provider...
==> default: Cloning VMware VM: 'bento/debian-12'. This can take some time...
==> default: Checking if box 'bento/debian-12' version '202510.26.0' is up to date...
==> default: Verifying vmnet devices are healthy...
==> default: Preparing network adapters...
==> default: Starting the VMware VM...
==> default: Waiting for the VM to receive an address...
==> default: Forwarding ports...
    default: -- 22 => 2240
    default: -- 30943 => 30943
    default: -- 30543 => 30543
    default: -- 30636 => 30636
==> default: Waiting for machine to boot. This may take a few minutes...
    default: SSH address: 127.0.0.1:2240
    default: SSH username: vagrant
    default: SSH auth method: private key
    default: 
    default: Vagrant insecure key detected. Vagrant will automatically replace
    default: this with a newly generated keypair for better security.
    default: 
    default: Inserting generated public key within guest...
    default: Removing insecure key from the guest if it's present...
    default: Key inserted! Disconnecting and reconnecting using new SSH key...
==> default: Machine booted and ready!
==> default: Setting hostname...
==> default: Configuring network adapters within the VM...
==> default: Waiting for HGFS to become available...
==> default: Enabling and configuring shared folders...
    default: -- C:/Users/LeandroValovits/.bob/playground/Ashfeld/thorngate: /vagrant
==> default: Running provisioner: shell...
    default: Running: inline script
    default: ==> [1/6] Installing base packages and dependencies...
    default: (Reading database ... 
(Reading database ... 5%
(Reading database ... 10%
(Reading database ... 15%
(Reading database ... 20%
(Reading database ... 25%
(Reading database ... 30%
(Reading database ... 35%
(Reading database ... 40%
(Reading database ... 45%
(Reading database ... 50%
(Reading database ... 55%
(Reading database ... 60%
(Reading database ... 65%
(Reading database ... 70%
(Reading database ... 75%
(Reading database ... 80%
(Reading database ... 85%
(Reading database ... 90%
(Reading database ... 95%
(Reading database ... 100%
(Reading database ... 57067 files and directories currently installed.)
    default: Preparing to unpack .../0-curl_7.88.1-10+deb12u15_amd64.deb ...
    default: Unpacking curl (7.88.1-10+deb12u15) over (7.88.1-10+deb12u14) ...
    default: Preparing to unpack .../1-libcurl4_7.88.1-10+deb12u15_amd64.deb ...
    default: Unpacking libcurl4:amd64 (7.88.1-10+deb12u15) over (7.88.1-10+deb12u14) ...
    default: Preparing to unpack .../2-libcurl3-gnutls_7.88.1-10+deb12u15_amd64.deb ...
    default: Unpacking libcurl3-gnutls:amd64 (7.88.1-10+deb12u15) over (7.88.1-10+deb12u14) ...
    default: Selecting previously unselected package liberror-perl.
    default: Preparing to unpack .../3-liberror-perl_0.17029-2_all.deb ...
    default: Unpacking liberror-perl (0.17029-2) ...
    default: Selecting previously unselected package git-man.
    default: Preparing to unpack .../4-git-man_1%3a2.39.5-0+deb12u3_all.deb ...
    default: Unpacking git-man (1:2.39.5-0+deb12u3) ...
    default: Selecting previously unselected package git.
    default: Preparing to unpack .../5-git_1%3a2.39.5-0+deb12u3_amd64.deb ...
    default: Unpacking git (1:2.39.5-0+deb12u3) ...
    default: Selecting previously unselected package libonig5:amd64.
    default: Preparing to unpack .../6-libonig5_6.9.8-1_amd64.deb ...
    default: Unpacking libonig5:amd64 (6.9.8-1) ...
    default: Selecting previously unselected package libjq1:amd64.
    default: Preparing to unpack .../7-libjq1_1.6-2.1+deb12u2_amd64.deb ...
    default: Unpacking libjq1:amd64 (1.6-2.1+deb12u2) ...
    default: Selecting previously unselected package jq.
    default: Preparing to unpack .../8-jq_1.6-2.1+deb12u2_amd64.deb ...
    default: Unpacking jq (1.6-2.1+deb12u2) ...
    default: Selecting previously unselected package unzip.
    default: Preparing to unpack .../9-unzip_6.0-28+deb12u1_amd64.deb ...
    default: Unpacking unzip (6.0-28+deb12u1) ...
    default: Setting up unzip (6.0-28+deb12u1) ...
    default: Setting up libcurl3-gnutls:amd64 (7.88.1-10+deb12u15) ...
    default: Setting up liberror-perl (0.17029-2) ...
    default: Setting up libcurl4:amd64 (7.88.1-10+deb12u15) ...
    default: Setting up git-man (1:2.39.5-0+deb12u3) ...
    default: Setting up curl (7.88.1-10+deb12u15) ...
    default: Setting up libonig5:amd64 (6.9.8-1) ...
    default: Setting up libjq1:amd64 (1.6-2.1+deb12u2) ...
    default: Setting up git (1:2.39.5-0+deb12u3) ...
    default: Setting up jq (1.6-2.1+deb12u2) ...
    default: Processing triggers for libc-bin (2.36-9+deb12u13) ...
    default: Processing triggers for man-db (2.11.2-2) ...
    default: Processing triggers for mailcap (3.70+nmu1) ...
    default: ==> [2/6] Installing k3s...
    default: [INFO]  Using v1.36.4+k3s1 as release
    default: [INFO]  Downloading hash https://github.com/k3s-io/k3s/releases/download/v1.36.4%2Bk3s1/sha256sum-amd64.txt
    default: [INFO]  Downloading binary https://github.com/k3s-io/k3s/releases/download/v1.36.4%2Bk3s1/k3s
    default: [INFO]  Verifying binary download
    default: [INFO]  Installing k3s to /usr/local/bin/k3s
    default: [INFO]  Skipping installation of SELinux RPM
    default: [INFO]  Creating /usr/local/bin/kubectl symlink to k3s
    default: [INFO]  Creating /usr/local/bin/crictl symlink to k3s
    default: [INFO]  Creating /usr/local/bin/ctr symlink to k3s
    default: [INFO]  Creating killall script /usr/local/bin/k3s-killall.sh
    default: [INFO]  Creating uninstall script /usr/local/bin/k3s-uninstall.sh
    default: [INFO]  env: Creating environment file /etc/systemd/system/k3s.service.env
    default: [INFO]  systemd: Creating service file /etc/systemd/system/k3s.service
    default: [INFO]  systemd: Enabling k3s unit
    default: Created symlink /etc/systemd/system/multi-user.target.wants/k3s.service ΓåÆ /etc/systemd/system/k3s.service.
    default: [INFO]  Host iptables-save/iptables-restore tools not found
    default: [INFO]  Host ip6tables-save/ip6tables-restore tools not found
    default: [INFO]  systemd: Starting k3s
    default: Waiting for k3s node to be Ready...
    default: ==> [3/6] Installing Helm...
    default: Downloading https://get.helm.sh/helm-v3.21.4-linux-amd64.tar.gz
    default: Verifying checksum... Done.
    default: Preparing to install helm into /usr/local/bin
    default: helm installed into /usr/local/bin/helm
    default: ==> [4/6] Setting up IVIG starter kit and license keys...
    default: awk: 1: unexpected character '.'
    default: awk: line 2: syntax error at or near for
    default: awk: 4: unexpected character '.'
    default: ==> [5/6] Configuring config.yaml...
    default: ==> [6/6] Executing IVIG installer...
    default: Installing IVIG...
    default: Configuring for timezone UTC
    default: 
    default: ##### Deploying configuration pod #####
    default: namespace/ivig created
    default: Generating Configs
    default: configmap/isvgimconfig created
    default: configmap/isvgimconfig unchanged
    default: deployment.apps/isvgimconfig created
    default: Waiting for application to start...Done!
    default: 
    default: ##### Installing Verify Directory LDAP Server #####
    default: secret/isvdcred created
    default: Generating Configs
    default: configmap/isvgimldap created
    default: 
    default:   -- Deploying LDAP server --
    default: serviceaccount/isvd created
    default: role.rbac.authorization.k8s.io/isvd-role created
    default: rolebinding.rbac.authorization.k8s.io/isvd-role-bind created
    default: configmap/isvgimldap unchanged
    default: persistentvolumeclaim/replica-1-pvc created
    default: service/isvd-replica-1 created
    default: deployment.apps/isvd-replica-1 created
    default: Waiting for pod isvd-replica-1-58b8478df7-md242 to start......Done!
    default: Waiting for application to start.........Done!
    default: 
    default: ##### Installing Postgresql Database Server #####
    default: Generating Configs
    default: configmap/isvgimdb created
    default: secret/pgcreds created
    default: 
    default:   -- Deploying Postgres --
    default: configmap/isvgimdb unchanged
    default: persistentvolumeclaim/postgres-pvc created
    default: service/postgres created
    default: deployment.apps/postgres created
    default: Waiting for pod postgres-795fc9878b-76m2c to start.....Done!
    default: Waiting for application to start...Done!
    default: 
    default: ##### Generating Keystore #####
    default: [2026-09-08 17:13:54] Creating AES keystore as /opt/ibm/wlp/usr/servers/defaultServer/config/data/keystore/itimKeystore.jceks
    default: [2026-09-08 17:13:55] Creating /opt/ibm/wlp/usr/servers/defaultServer/config/data/encryptionKey.properties
    default: [2026-09-08 17:13:55] Finished setting up ciphers
    default: Generating Configs
    default: configmap/isvgimks created
    default: 
    default: ##### Updating Configuration Settings #####
    default: Generating Configs
    default: configmap/isvgimconfig configured
    default: Generating Configs
    default: configmap/isvgimdata created
    default: deployment.apps "isvgimconfig" deleted from ivig namespace
    default: deployment.apps/isvgimconfig created
    default: Waiting for application to start...Done!
    default: 
    default: ##### Configuring LDAP #####
    default: Loading schema........Done!
    default: Generating Configs
    default: configmap/isvgimdata configured
    default: 
    default: ##### Configuring DB #####
    default: Loading schema...Done!
    default: Generating Configs
    default: configmap/isvgimdata configured
    default: 
    default: ##### Deploying ISVDI Adapter Dispatcher #####
    default: Generating Configs
    default: configmap/isvgimsdi created
    default: configmap/isvgimsdi unchanged
    default: persistentvolumeclaim/isvdi-pvc created
    default: service/isvdi created
    default: deployment.apps/isvdi created
    default: Waiting for pod isvdi-9c96ccb66-6kfgl to start.......Done!
    default: Waiting for application to start...Done!
    default: 
    default: ##### Deploying application #####
    default: Generating Configs
    default: configmap/isvgimconfig configured
    default: Generating Configs
    default: configmap/tlsmqcfg created
    default: configmap/mqcfg created
    default: deployment.apps "isvgimconfig" deleted from ivig namespace
    default: Generating Configs
    default: configmap/isvgimdata configured
    default: ibm-common-services not found.  Assuming IBM License Server is not installed yet.
    default: Generating Configs
    default: Evaluating templates.................................................Done!
    default: serviceaccount/hazelcast-sa created
    default: role.rbac.authorization.k8s.io/hazelcast-role created
    default: rolebinding.rbac.authorization.k8s.io/hazelcast-role-binding created
    default: configmap/isvgimconfig unchanged
    default: configmap/mqcfg unchanged
    default: secret/mqcreds created
    default: secret/oidccreds created
    default: persistentvolumeclaim/mqshare-pvc created
    default: service/isvgim created
    default: service/mq-headless created
    default: service/hazelcast-headless created
    default: service/mqshare created
    default: deployment.apps/mqshare created
    default: poddisruptionbudget.policy/isvgim created
    default: statefulset.apps/isvgim created
    default: Waiting for pod isvgim-0 to start.......Done!
    default: Waiting for application to start.....................Done!
    default: Generating Configs
    default: configmap/isvgimconfig configured
    default: statefulset.apps/isvgim restarted
    default: Waiting for application to start..................Done!
    default: 
    default: Installation complete!
    default: You can now login at https://192.168.21.216:30943/itim/console
    default: Waiting for IVIG workloads to become ready...
    default: deployment "isvd-replica-1" successfully rolled out
    default: deployment "isvdi" successfully rolled out
    default: deployment "mqshare" successfully rolled out
    default: deployment "postgres" successfully rolled out
    default: partitioned roll out complete: 1 new pods have been updated...
    default: ==> Configuration complete.
==> default: Running provisioner: shell...
    default: Running: inline script
    default: 
    default: ======================================================
    default:   Thorngate (IVIG) - Ready
    default: ======================================================
    default:   IVIG Console:  https://localhost:30943/itim/console/main
    default:   Username:      itim manager
    default:   Password:      secret
    default: ======================================================
    default: 
==> default: Stopping the VMware VM...
==> default: Deleting the VM...
==> default: VM not created. Moving on...
Bringing machine 'default' up with 'vmware_desktop' provider...
==> default: Cloning VMware VM: 'bento/debian-12'. This can take some time...
==> default: Checking if box 'bento/debian-12' version '202510.26.0' is up to date...
==> default: Verifying vmnet devices are healthy...
==> default: Preparing network adapters...
==> default: Starting the VMware VM...
==> default: Waiting for the VM to receive an address...
==> default: Forwarding ports...
    default: -- 22 => 2240
    default: -- 30943 => 30943
    default: -- 30543 => 30543
    default: -- 30636 => 30636
==> default: Waiting for machine to boot. This may take a few minutes...
    default: SSH address: 127.0.0.1:2240
    default: SSH username: vagrant
    default: SSH auth method: private key
    default: 
    default: Vagrant insecure key detected. Vagrant will automatically replace
    default: this with a newly generated keypair for better security.
    default: 
    default: Inserting generated public key within guest...
    default: Removing insecure key from the guest if it's present...
    default: Key inserted! Disconnecting and reconnecting using new SSH key...
==> default: Machine booted and ready!
==> default: Setting hostname...
==> default: Configuring network adapters within the VM...
==> default: Waiting for HGFS to become available...
==> default: Enabling and configuring shared folders...
    default: -- C:/Users/LeandroValovits/.bob/playground/Ashfeld/thorngate: /vagrant
==> default: Running provisioner: shell...
    default: Running: inline script
    default: ==> [1/6] Installing base packages and dependencies...
    default: (Reading database ... 
(Reading database ... 5%
(Reading database ... 10%
(Reading database ... 15%
(Reading database ... 20%
(Reading database ... 25%
(Reading database ... 30%
(Reading database ... 35%
(Reading database ... 40%
(Reading database ... 45%
(Reading database ... 50%
(Reading database ... 55%
(Reading database ... 60%
(Reading database ... 65%
(Reading database ... 70%
(Reading database ... 75%
(Reading database ... 80%
(Reading database ... 85%
(Reading database ... 90%
(Reading database ... 95%
(Reading database ... 100%
(Reading database ... 57067 files and directories currently installed.)
    default: Preparing to unpack .../0-curl_7.88.1-10+deb12u15_amd64.deb ...
    default: Unpacking curl (7.88.1-10+deb12u15) over (7.88.1-10+deb12u14) ...
    default: Preparing to unpack .../1-libcurl4_7.88.1-10+deb12u15_amd64.deb ...
    default: Unpacking libcurl4:amd64 (7.88.1-10+deb12u15) over (7.88.1-10+deb12u14) ...
    default: Preparing to unpack .../2-libcurl3-gnutls_7.88.1-10+deb12u15_amd64.deb ...
    default: Unpacking libcurl3-gnutls:amd64 (7.88.1-10+deb12u15) over (7.88.1-10+deb12u14) ...
    default: Selecting previously unselected package liberror-perl.
    default: Preparing to unpack .../3-liberror-perl_0.17029-2_all.deb ...
    default: Unpacking liberror-perl (0.17029-2) ...
    default: Selecting previously unselected package git-man.
    default: Preparing to unpack .../4-git-man_1%3a2.39.5-0+deb12u3_all.deb ...
    default: Unpacking git-man (1:2.39.5-0+deb12u3) ...
    default: Selecting previously unselected package git.
    default: Preparing to unpack .../5-git_1%3a2.39.5-0+deb12u3_amd64.deb ...
    default: Unpacking git (1:2.39.5-0+deb12u3) ...
    default: Selecting previously unselected package libonig5:amd64.
    default: Preparing to unpack .../6-libonig5_6.9.8-1_amd64.deb ...
    default: Unpacking libonig5:amd64 (6.9.8-1) ...
    default: Selecting previously unselected package libjq1:amd64.
    default: Preparing to unpack .../7-libjq1_1.6-2.1+deb12u2_amd64.deb ...
    default: Unpacking libjq1:amd64 (1.6-2.1+deb12u2) ...
    default: Selecting previously unselected package jq.
    default: Preparing to unpack .../8-jq_1.6-2.1+deb12u2_amd64.deb ...
    default: Unpacking jq (1.6-2.1+deb12u2) ...
    default: Selecting previously unselected package unzip.
    default: Preparing to unpack .../9-unzip_6.0-28+deb12u1_amd64.deb ...
    default: Unpacking unzip (6.0-28+deb12u1) ...
    default: Setting up unzip (6.0-28+deb12u1) ...
    default: Setting up libcurl3-gnutls:amd64 (7.88.1-10+deb12u15) ...
    default: Setting up liberror-perl (0.17029-2) ...
    default: Setting up libcurl4:amd64 (7.88.1-10+deb12u15) ...
    default: Setting up git-man (1:2.39.5-0+deb12u3) ...
    default: Setting up curl (7.88.1-10+deb12u15) ...
    default: Setting up libonig5:amd64 (6.9.8-1) ...
    default: Setting up libjq1:amd64 (1.6-2.1+deb12u2) ...
    default: Setting up git (1:2.39.5-0+deb12u3) ...
    default: Setting up jq (1.6-2.1+deb12u2) ...
    default: Processing triggers for libc-bin (2.36-9+deb12u13) ...
    default: Processing triggers for man-db (2.11.2-2) ...
    default: Processing triggers for mailcap (3.70+nmu1) ...
    default: ==> [2/6] Installing k3s...
    default: [INFO]  Using v1.36.4+k3s1 as release
    default: [INFO]  Downloading hash https://github.com/k3s-io/k3s/releases/download/v1.36.4%2Bk3s1/sha256sum-amd64.txt
    default: [INFO]  Downloading binary https://github.com/k3s-io/k3s/releases/download/v1.36.4%2Bk3s1/k3s
    default: [INFO]  Verifying binary download
    default: [INFO]  Installing k3s to /usr/local/bin/k3s
    default: [INFO]  Skipping installation of SELinux RPM
    default: [INFO]  Creating /usr/local/bin/kubectl symlink to k3s
    default: [INFO]  Creating /usr/local/bin/crictl symlink to k3s
    default: [INFO]  Creating /usr/local/bin/ctr symlink to k3s
    default: [INFO]  Creating killall script /usr/local/bin/k3s-killall.sh
    default: [INFO]  Creating uninstall script /usr/local/bin/k3s-uninstall.sh
    default: [INFO]  env: Creating environment file /etc/systemd/system/k3s.service.env
    default: [INFO]  systemd: Creating service file /etc/systemd/system/k3s.service
    default: [INFO]  systemd: Enabling k3s unit
    default: Created symlink /etc/systemd/system/multi-user.target.wants/k3s.service ΓåÆ /etc/systemd/system/k3s.service.
    default: [INFO]  Host iptables-save/iptables-restore tools not found
    default: [INFO]  Host ip6tables-save/ip6tables-restore tools not found
    default: [INFO]  systemd: Starting k3s
    default: Waiting for k3s node to be Ready...
    default: No resources found
    default: ==> [3/6] Installing Helm...
    default: Downloading https://get.helm.sh/helm-v3.21.4-linux-amd64.tar.gz
    default: Verifying checksum... Done.
    default: Preparing to install helm into /usr/local/bin
    default: helm installed into /usr/local/bin/helm
    default: ==> [4/6] Setting up IVIG starter kit and license keys...
    default: awk: 1: unexpected character '.'
    default: awk: line 2: syntax error at or near for
    default: awk: 4: unexpected character '.'
    default: ==> [5/6] Configuring config.yaml...
    default: ==> [6/6] Executing IVIG installer...
    default: Installing IVIG...
    default: Configuring for timezone UTC
    default: 
    default: ##### Deploying configuration pod #####
    default: namespace/ivig created
    default: Generating Configs
    default: configmap/isvgimconfig created
    default: configmap/isvgimconfig unchanged
    default: deployment.apps/isvgimconfig created
    default: Waiting for application to start...Done!
    default: 
    default: ##### Installing Verify Directory LDAP Server #####
    default: secret/isvdcred created
    default: Generating Configs
    default: configmap/isvgimldap created
    default: 
    default:   -- Deploying LDAP server --
    default: serviceaccount/isvd created
    default: role.rbac.authorization.k8s.io/isvd-role created
    default: rolebinding.rbac.authorization.k8s.io/isvd-role-bind created
    default: configmap/isvgimldap unchanged
    default: persistentvolumeclaim/replica-1-pvc created
    default: service/isvd-replica-1 created
    default: deployment.apps/isvd-replica-1 created
    default: Waiting for pod isvd-replica-1-58b8478df7-dvdtj to start......Done!
    default: Waiting for application to start........Done!
    default: 
    default: ##### Installing Postgresql Database Server #####
    default: Generating Configs
    default: configmap/isvgimdb created
    default: secret/pgcreds created
    default: 
    default:   -- Deploying Postgres --
    default: configmap/isvgimdb unchanged
    default: persistentvolumeclaim/postgres-pvc created
    default: service/postgres created
    default: deployment.apps/postgres created
    default: Waiting for pod postgres-795fc9878b-m8jhx to start.....Done!
    default: Waiting for application to start...Done!
    default: 
    default: ##### Generating Keystore #####
    default: [2026-09-08 18:25:50] Creating AES keystore as /opt/ibm/wlp/usr/servers/defaultServer/config/data/keystore/itimKeystore.jceks
    default: [2026-09-08 18:25:51] Creating /opt/ibm/wlp/usr/servers/defaultServer/config/data/encryptionKey.properties
    default: [2026-09-08 18:25:51] Finished setting up ciphers
    default: Generating Configs
    default: configmap/isvgimks created
    default: 
    default: ##### Updating Configuration Settings #####
    default: Generating Configs
    default: configmap/isvgimconfig configured
    default: Generating Configs
    default: configmap/isvgimdata created
    default: deployment.apps "isvgimconfig" deleted from ivig namespace
    default: deployment.apps/isvgimconfig created
    default: Waiting for application to start...Done!
    default: 
    default: ##### Configuring LDAP #####
    default: Loading schema........Done!
    default: Generating Configs
    default: configmap/isvgimdata configured
    default: 
    default: ##### Configuring DB #####
    default: Loading schema...Done!
    default: Generating Configs
    default: configmap/isvgimdata configured
    default: 
    default: ##### Deploying ISVDI Adapter Dispatcher #####
    default: Generating Configs
    default: configmap/isvgimsdi created
    default: configmap/isvgimsdi unchanged
    default: persistentvolumeclaim/isvdi-pvc created
    default: service/isvdi created
    default: deployment.apps/isvdi created
    default: Waiting for pod isvdi-9c96ccb66-r7d6g to start........Done!
    default: Waiting for application to start...Done!
    default: 
    default: ##### Deploying application #####
    default: Generating Configs
    default: configmap/isvgimconfig configured
    default: Generating Configs
    default: configmap/tlsmqcfg created
    default: configmap/mqcfg created
    default: deployment.apps "isvgimconfig" deleted from ivig namespace
    default: Generating Configs
    default: configmap/isvgimdata configured
    default: ibm-common-services not found.  Assuming IBM License Server is not installed yet.
    default: Generating Configs
    default: Evaluating templates.................................................Done!
    default: serviceaccount/hazelcast-sa created
    default: role.rbac.authorization.k8s.io/hazelcast-role created
    default: rolebinding.rbac.authorization.k8s.io/hazelcast-role-binding created
    default: configmap/isvgimconfig unchanged
    default: configmap/mqcfg unchanged
    default: secret/mqcreds created
    default: secret/oidccreds created
    default: persistentvolumeclaim/mqshare-pvc created
    default: service/isvgim created
    default: service/mq-headless created
    default: service/hazelcast-headless created
    default: service/mqshare created
    default: deployment.apps/mqshare created
    default: poddisruptionbudget.policy/isvgim created
    default: statefulset.apps/isvgim created
    default: Waiting for pod isvgim-0 to start........Done!
    default: Waiting for application to start....................Done!
    default: Generating Configs
    default: configmap/isvgimconfig configured
    default: statefulset.apps/isvgim restarted
    default: Waiting for application to start..................Done!
    default: 
    default: Installation complete!
    default: You can now login at https://192.168.21.220:30943/itim/console
    default: Waiting for IVIG workloads to become ready...
    default: deployment "isvd-replica-1" successfully rolled out
    default: deployment "isvdi" successfully rolled out
    default: deployment "mqshare" successfully rolled out
    default: deployment "postgres" successfully rolled out
    default: partitioned roll out complete: 1 new pods have been updated...
    default: ==> Configuration complete.
==> default: Running provisioner: shell...
    default: Running: inline script
    default: 
    default: ======================================================
    default:   Thorngate (IVIG) - Ready
    default: ======================================================
    default:   IVIG Console:  https://localhost:30943/itim/console/main
    default:   Username:      itim manager
    default:   Password:      secret
    default: ======================================================
    default: 
==> default: Stopping the VMware VM...
==> default: Deleting the VM...
==> default: VM not created. Moving on...
